// Jest Snapshot v1, https://goo.gl/fbAQLP

exports[`ForecastSummaries renders correctly 1`] = `
<DocumentFragment>
  <div
    class="forecast-summaries"
  >
    <div
      class="forecast-summary "
      data-testid="forecast-summary"
    >
      <div
        class="forecast-summary__description"
      >
        Stub description 1
      </div>
      <div
        class="forecast-summary__icon"
        data-testid="forecast-icon"
      >
        <img
          alt="stubIcon1"
          class="forecast-summary__icon"
        />
      </div>
      <div
        class="forecast-summary__temperature"
      >
        24°C
      </div>
      <div
        class="forecast-summary__date"
      >
        Thursday
      </div>
      <button
        type="button"
      >
        More Details
      </button>
    </div>
    <div
      class="forecast-summary "
      data-testid="forecast-summary"
    >
      <div
        class="forecast-summary__description"
      >
        Stub description2
      </div>
      <div
        class="forecast-summary__icon"
        data-testid="forecast-icon"
      >
        <img
          alt="stubIcon2"
          class="forecast-summary__icon"
        />
      </div>
      <div
        class="forecast-summary__temperature"
      >
        34°C
      </div>
      <div
        class="forecast-summary__date"
      >
        Thursday
      </div>
      <button
        type="button"
      >
        More Details
      </button>
    </div>
  </div>
</DocumentFragment>
`;
