// Jest Snapshot v1, https://goo.gl/fbAQLP

exports[`ForecastDetails renders correctly 1`] = `
<DocumentFragment>
  <div
    class="forecast-details"
  >
    <div
      class="forecast-detail"
    >
      <div
        class="icon-container"
      >
        <span
          class="sc-beqWaB fHvFQc"
          color="#fff"
          height="50px"
          rotate="0"
          width="50px"
        >
          <svg
            class=""
            viewBox="0 0 512 512"
            xmlns="http://www.w3.org/2000/svg"
          >
            <path
              d="M400 320c0 88.37-55.63 144-144 144s-144-55.63-144-144c0-94.83 103.23-222.85 134.89-259.88a12 12 0 0118.23 0C296.77 97.15 400 225.17 400 320z"
              fill="none"
              stroke="currentColor"
              stroke-miterlimit="10"
              stroke-width="32"
            />
            <path
              d="M344 328a72 72 0 01-72 72"
              fill="none"
              stroke="currentColor"
              stroke-linecap="round"
              stroke-linejoin="round"
              stroke-width="32"
            />
          </svg>
        </span>
      </div>
      <p>
        Humidity: 71%
      </p>
    </div>
    <div
      class="forecast-detail"
    >
      <div
        class="icon-container"
      >
        <span
          class="sc-beqWaB fHvFQc"
          color="#fff"
          height="50px"
          rotate="0"
          width="50px"
        >
          <svg
            class=""
            viewBox="0 0 512 512"
            xmlns="http://www.w3.org/2000/svg"
          >
            <path
              d="M326.1 231.9l-47.5 75.5a31 31 0 01-7 7 30.11 30.11 0 01-35-49l75.5-47.5a10.23 10.23 0 0111.7 0 10.06 10.06 0 012.3 14z"
            />
            <path
              d="M256 64C132.3 64 32 164.2 32 287.9a223.18 223.18 0 0056.3 148.5c1.1 1.2 2.1 2.4 3.2 3.5a25.19 25.19 0 0037.1-.1 173.13 173.13 0 01254.8 0 25.19 25.19 0 0037.1.1l3.2-3.5A223.18 223.18 0 00480 287.9C480 164.2 379.7 64 256 64z"
              fill="none"
              stroke="currentColor"
              stroke-linecap="round"
              stroke-linejoin="round"
              stroke-width="32"
            />
            <path
              d="M256 128v32M416 288h-32M128 288H96M165.49 197.49l-22.63-22.63M346.51 197.49l22.63-22.63"
              fill="none"
              stroke="currentColor"
              stroke-linecap="round"
              stroke-miterlimit="10"
              stroke-width="32"
            />
          </svg>
        </span>
      </div>
      <p>
        Wind speed: 13mph
      </p>
    </div>
    <div
      class="forecast-detail"
    >
      <div
        class="icon-container"
      >
        <span
          class="sc-beqWaB fHvFQc"
          color="#fff"
          height="50px"
          rotate="0"
          width="50px"
        >
          <svg
            class=""
            viewBox="0 0 512 512"
            xmlns="http://www.w3.org/2000/svg"
          >
            <path
              d="M448 256c0-106-86-192-192-192S64 150 64 256s86 192 192 192 192-86 192-192z"
              fill="none"
              stroke="currentColor"
              stroke-miterlimit="10"
              stroke-width="32"
            />
            <path
              d="M350.67 150.93l-117.2 46.88a64 64 0 00-35.66 35.66l-46.88 117.2a8 8 0 0010.4 10.4l117.2-46.88a64 64 0 0035.66-35.66l46.88-117.2a8 8 0 00-10.4-10.4zM256 280a24 24 0 1124-24 24 24 0 01-24 24z"
            />
          </svg>
        </span>
      </div>
      <p>
        Wind direction: s
      </p>
    </div>
    <div
      class="forecast-detail"
    >
      <div
        class="icon-container"
      >
        <span
          class="sc-beqWaB fHvFQc"
          color="#fff"
          height="50px"
          rotate="0"
          width="50px"
        >
          <svg
            class=""
            viewBox="0 0 512 512"
            xmlns="http://www.w3.org/2000/svg"
          >
            <path
              d="M307.72 302.27a8 8 0 01-3.72-6.75V80a48 48 0 00-48-48h0a48 48 0 00-48 48v215.52a8 8 0 01-3.71 6.74 97.51 97.51 0 00-44.19 86.07A96 96 0 00352 384a97.49 97.49 0 00-44.28-81.73zM256 112v272"
              fill="none"
              stroke="currentColor"
              stroke-linecap="round"
              stroke-miterlimit="10"
              stroke-width="32"
            />
            <circle
              cx="256"
              cy="384"
              r="48"
            />
          </svg>
        </span>
      </div>
      <p>
        Temp min/max: 12°C / 22°C
      </p>
    </div>
  </div>
</DocumentFragment>
`;
